NEW-001 entered at 2025-06-21 23:29:50
NEW-001 entered at 2025-06-21 23:29:50
NEW-001 exited at 2025-06-21 23:29:50
NEW-001 entered at 2025-06-21 23:30:43
NEW-001 entered at 2025-06-21 23:32:00
NEW-001 entered at 2025-06-21 23:32:45
NEW-001 entered at 2025-06-21 23:32:45
NEW-001 exited at 2025-06-21 23:32:45
NEW-001 entered at 2025-06-21 23:34:27
NEW-001 entered at 2025-06-21 23:34:27
NEW-001 exited at 2025-06-21 23:34:27
